// Jest Snapshot v1, https://goo.gl/fbAQLP

exports[`Search Comonent doesn't change unexpectedly 1`] = `
<div
  className="App"
>
  <h2>
    Search for highlights
  </h2>
  <form
    action={undefined}
    className="ui form"
    onSubmit={[Function]}
  >
    <div
      className="fields"
    >
      <div
        className="field"
      >
        <div
          className="ui input"
          content={undefined}
        >
          <input
            disabled={undefined}
            onChange={[Function]}
            placeholder="search highlights"
            required={undefined}
            tabIndex={undefined}
            type="text"
          />
        </div>
      </div>
      <button
        className="ui button"
        disabled={undefined}
        onClick={[Function]}
        role="button"
        tabIndex={undefined}
        type="submit"
      >
        Submit
      </button>
    </div>
  </form>
</div>
`;
